     1                                  ; icalc.asm
     2                                  
     3                                  extern printf
     4                                  
     5                                  section .data
     6 00000000 8000000000000000        	number1		dq		128
     7 00000008 1300000000000000        	number2		dq		19
     8 00000010 F4FFFFFFFFFFFFFF        	neg_num		dq		-12
     9 00000018 546865206E756D6265-     	fmt		db		"The numbers are %ld and %ld", 10, 0
     9 00000021 72732061726520256C-
     9 0000002A 6420616E6420256C64-
     9 00000033 0A00               
    10 00000035 257320256C640A00        	fmtint		db		"%s %ld", 10, 0
    11 0000003D 5468652073756D2069-     	sumi		db		"The sum is", 0
    11 00000046 7300               
    12 00000048 546865206469666665-     	difi		db		"The difference is", 0
    12 00000051 72656E636520697300 
    13 0000005A 4E756D626572203120-     	inci		db		"Number 1 Incremented: ", 0
    13 00000063 496E6372656D656E74-
    13 0000006C 65643A2000         
    14 00000071 4E756D626572203120-     	deci		db		"Number 1 Decremented: ", 0
    14 0000007A 44656372656D656E74-
    14 00000083 65643A2000         
    15 00000088 4E756D626572203120-     	sali		db		"Number 1 shift left 2 (x4): ", 0
    15 00000091 7368696674206C6566-
    15 0000009A 74203220287834293A-
    15 000000A3 2000               
    16 000000A5 4E756D626572203120-     	sari		db		"Number 1 shift right 2 (/4):", 0
    16 000000AE 736869667420726967-
    16 000000B7 6874203220282F3429-
    16 000000C0 3A00               
    17 000000C2 4E756D626572203120-     	sariex		db		"Number 1 shift right 2 (/4) with sign extension: ", 0
    17 000000CB 736869667420726967-
    17 000000D4 6874203220282F3429-
    17 000000DD 207769746820736967-
    17 000000E6 6E20657874656E7369-
    17 000000EF 6F6E3A2000         
    18 000000F4 5468652070726F6475-     	multi		db		"The product is: ", 0
    18 000000FD 63742069733A2000   
    19 00000105 54686520696E746567-     	divi		db		"The integer quotient is", 0
    19 0000010E 65722071756F746965-
    19 00000117 6E7420697300       
    20 0000011D 5468652072656D696E-     	remi		db		"The reminder is", 0
    20 00000126 64657220697300     
    21                                  
    22                                  section .bss
    23 00000000 ????????????????        	resulti		resq		1
    24 00000008 ????????????????        	modulo		resq		1
    25                                  
    26                                  section .text
    27                                  	global main
    28                                  
    29                                  main:
    30 00000000 55                      	push rbp
    31 00000001 4889E5                  	mov rbp, rsp
    32                                  
    33 00000004 48BF-                   	mov rdi, fmt
    33 00000006 [1800000000000000] 
    34 0000000E 488B3425[00000000]      	mov rsi, [number1]
    35 00000016 488B1425[08000000]      	mov rdx, [number2]
    36 0000001E B800000000              	mov rax, 0
    37                                  	
    38 00000023 E8(00000000)            	call printf
    39                                  
    40                                  	;adding--------------------------------------------------------------------------------------------------------------------------------
    41                                  
    42 00000028 488B0425[00000000]      	mov rax, [number1]
    43 00000030 48030425[08000000]      	add rax, [number2]
    44 00000038 48890425[00000000]      	mov [resulti], rax
    45                                  
    46 00000040 48BF-                   	mov rdi, fmtint
    46 00000042 [3500000000000000] 
    47 0000004A 48BE-                   	mov rsi, sumi
    47 0000004C [3D00000000000000] 
    48 00000054 488B1425[00000000]      	mov rdx, [resulti]
    49 0000005C 4831C0                  	xor rax, rax
    50                                  
    51 0000005F E8(00000000)            	call printf
    52                                  
    53                                  	;subtracting-----------------------------------------------------------------------------------------------------------------------------
    54                                  
    55 00000064 488B0425[00000000]      	mov rax, [number1]
    56 0000006C 482B0425[08000000]      	sub rax, [number2]
    57 00000074 48890425[00000000]      	mov [resulti], rax
    58                                  
    59 0000007C 48BF-                   	mov rdi, fmtint
    59 0000007E [3500000000000000] 
    60 00000086 48BE-                   	mov rsi, difi
    60 00000088 [4800000000000000] 
    61 00000090 488B1425[00000000]      	mov rdx, [resulti]
    62 00000098 4831C0                  	xor rax, rax
    63                                  
    64 0000009B E8(00000000)            	call printf
    65                                  
    66                                  	; incrementing-------------------------------------------------------------------------------------------------------------------------------------------------------------------------------------------------------------------------------
    67                                  
    68 000000A0 488B0425[00000000]      	mov rax, [number1]
    69 000000A8 48FFC0                  	inc rax
    70                                  
    71 000000AB 48890425[00000000]      	mov [resulti], rax
    72                                  	;displaying the result
    73                                  
    74 000000B3 48BF-                   	mov rdi, fmtint
    74 000000B5 [3500000000000000] 
    75 000000BD 48BE-                   	mov rsi, inci
    75 000000BF [5A00000000000000] 
    76 000000C7 488B1425[00000000]      	mov  rdx, [resulti]
    77 000000CF 4831C0                  	xor rax, rax
    78                                  
    79 000000D2 E8(00000000)            	call printf
    80                                  
    81                                  	; decrementing---------------------------------------------------------------------------------------------------------------------------------------------------------------------------------------
    82                                  
    83 000000D7 488B0425[00000000]      	mov rax, [number1]
    84 000000DF 48FFC8                  	dec rax
    85 000000E2 48890425[00000000]      	mov [resulti], rax	
    86                                  
    87 000000EA 48BF-                   	mov rdi, fmtint
    87 000000EC [3500000000000000] 
    88 000000F4 48BE-                   	mov rsi, deci
    88 000000F6 [7100000000000000] 
    89 000000FE 488B1425[00000000]      	mov rdx, [resulti]
    90 00000106 B800000000              	mov rax, 0
    91                                  	
    92 0000010B E8(00000000)            	call printf	
    93                                  
    94                                  	; shift arithmatic left------------------------------------------------------------------------------------------------------------------------------------------------------------------------------------------------------------
    95                                  
    96 00000110 488B0425[00000000]      	mov rax, [number1]
    97 00000118 48C1E002                	sal rax, 2
    98                                  
    99 0000011C 48890425[00000000]      	mov [resulti], rax
   100 00000124 48BF-                   	mov rdi, fmtint
   100 00000126 [3500000000000000] 
   101 0000012E 48BE-                   	mov rsi, sali
   101 00000130 [8800000000000000] 
   102 00000138 488B1425[00000000]      	mov rdx, [resulti]
   103 00000140 B800000000              	mov rax, 0
   104 00000145 B800000000              	mov rax, 0
   105                                  	
   106 0000014A E8(00000000)            	call printf
   107                                  
   108                                  	;shift arithmatic right--------------------------------------------------------------------------------------------------------------------------------------------------------------------------------------------------------------------;
   109                                  
   110 0000014F 488B0425[00000000]      	mov rax, [number1]
   111 00000157 48C1F802                	sar rax, 2
   112                                  
   113 0000015B 48890425[00000000]      	mov [resulti], rax
   114 00000163 48BF-                   	mov rdi, fmtint
   114 00000165 [3500000000000000] 
   115 0000016D 48BE-                   	mov rsi, sari
   115 0000016F [A500000000000000] 
   116 00000177 488B1425[00000000]      	mov rdx, [resulti]
   117 0000017F B800000000              	mov rax, 0
   118                                  	
   119 00000184 E8(00000000)            	call printf
   120                                  
   121                                  	; shift arithmetic right with sign extension----------------------------------------------------------------------------------------------------------------------------------------------------------------------------------------
   122                                  
   123 00000189 488B0425[10000000]      	mov rax, [neg_num]
   124 00000191 48C1F802                	sar rax, 2
   125                                  
   126 00000195 48890425[00000000]      	mov [resulti], rax
   127 0000019D 48BF-                   	mov rdi, fmtint
   127 0000019F [3500000000000000] 
   128 000001A7 48BE-                   	mov rsi, sariex
   128 000001A9 [C200000000000000] 
   129 000001B1 488B1425[00000000]      	mov rdx, [resulti]
   130 000001B9 B800000000              	mov rax, 0
   131                                  	
   132 000001BE E8(00000000)            	call printf
   133                                  
   134                                  	; multiply---------------------------------------------------------------------------------------------------------------------------------------------------------------------------------------------------------------------------
   135                                  
   136 000001C3 488B0425[00000000]      	mov rax, [number1]
   137 000001CB 48F72C25[08000000]      	imul qword [number2]
   138                                  
   139 000001D3 48890425[00000000]      	mov [resulti], rax
   140 000001DB 48BF-                   	mov rdi, fmtint
   140 000001DD [3500000000000000] 
   141 000001E5 48BE-                   	mov rsi, multi
   141 000001E7 [F400000000000000] 
   142 000001EF 488B1425[00000000]      	mov rdx, [resulti]
   143 000001F7 B800000000              	mov rax, 0
   144                                  
   145 000001FC E8(00000000)            	call printf
   146                                  
   147                                  	; dividing-----------------------------------------------------------------------------------------------------------------------------------------------------------------------------------------------------------------------------------------------------------------------------------------------------
   148                                  
   149 00000201 488B0425[00000000]      	mov rax, [number1]
   150 00000209 BA00000000              	mov rdx, 0 ; rdx needs to be zero before idiv
   151                                  
   152 0000020E 48F73C25[08000000]      	idiv qword [number2]
   153                                  
   154 00000216 48890425[00000000]      	mov [resulti], rax
   155 0000021E 48891425[08000000]      	mov [modulo], rdx
   156                                  
   157 00000226 48BF-                   	mov rdi, fmtint
   157 00000228 [3500000000000000] 
   158 00000230 48BE-                   	mov rsi, divi
   158 00000232 [0501000000000000] 
   159 0000023A 488B1425[00000000]      	mov rdx, [resulti]
   160 00000242 4831C0                  	xor rax, rax
   161                                  
   162 00000245 E8(00000000)            	call printf
   163                                  
   164 0000024A 48BF-                   	mov rdi, fmtint
   164 0000024C [3500000000000000] 
   165 00000254 48BE-                   	mov rsi, remi
   165 00000256 [1D01000000000000] 
   166 0000025E 488B1425[08000000]      	mov rdx, [modulo]
   167 00000266 4831C0                  	xor rax, rax
   168                                  
   169 00000269 E8(00000000)            	call printf
   170                                  
   171 0000026E 4889EC                  	mov rsp, rbp
   172 00000271 5D                      	pop rbp
   173 00000272 C3                      	ret
