     1                                  ; fcalc.asm
     2                                  extern printf
     3                                  
     4                                  section .data
     5 00000000 0000000000002240        	number1		dq		9.0
     6 00000008 0000000000405240        	number2		dq		73.0
     7 00000010 546865206E756D6265-     	fmt 		db		"The numbers are %f and %f", 10, 0
     7 00000019 727320617265202566-
     7 00000022 20616E642025660A00 
     8 0000002B 25732025660A00          	fmtfloat	db		"%s %f", 10, 0
     9 00000032 54686520666C6F6174-     	f_sum		db		"The float sum of %f and %f is %f", 10, 0
     9 0000003B 2073756D206F662025-
     9 00000044 6620616E6420256620-
     9 0000004D 69732025660A00     
    10 00000054 54686520666C6F6174-     	f_dif		db		"The float difference of %f and %f is %f", 10, 0
    10 0000005D 20646966666572656E-
    10 00000066 6365206F6620256620-
    10 0000006F 616E64202566206973-
    10 00000078 2025660A00         
    11 0000007D 54686520666C6F6174-     	f_mul           db              "The float multiplication of %f and %f is %f", 10, 0	
    11 00000086 206D756C7469706C69-
    11 0000008F 636174696F6E206F66-
    11 00000098 20256620616E642025-
    11 000000A1 662069732025660A00 
    12 000000AA 54686520666C6F6174-     	f_div           db              "The float division of %f by %f is %f", 10, 0
    12 000000B3 206469766973696F6E-
    12 000000BC 206F66202566206279-
    12 000000C5 202566206973202566-
    12 000000CE 0A00               
    13 000000D0 54686520666C6F6174-     	f_sqrt		db		"The float squareroot of %f is %f",10,0
    13 000000D9 20737175617265726F-
    13 000000E2 6F74206F6620256620-
    13 000000EB 69732025660A00     
    14                                  section .bss
    15                                  section .text
    16                                  	global main
    17                                  
    18                                  main:
    19 00000000 55                      	push rbp
    20 00000001 4889E5                  	mov rbp, rsp
    21                                  
    22 00000004 F20F100425-             	movsd xmm0, [number1]
    22 00000009 [00000000]         
    23 0000000D F20F100C25-             	movsd xmm1, [number2]
    23 00000012 [08000000]         
    24 00000016 48BF-                   	mov rdi, fmt
    24 00000018 [1000000000000000] 
    25 00000020 B802000000              	mov rax, 2
    26 00000025 E8(00000000)            	call printf
    27                                  
    28                                  	;sum
    29 0000002A F20F101425-             	movsd xmm2, [number1]
    29 0000002F [00000000]         
    30 00000033 F20F581425-             	addsd xmm2, [number2]
    30 00000038 [08000000]         
    31                                  
    32 0000003C F20F100425-             	movsd xmm0, [number1]
    32 00000041 [00000000]         
    33 00000045 F20F100C25-             	movsd xmm1, [number2]
    33 0000004A [08000000]         
    34 0000004E 48BF-                   	mov rdi, f_sum
    34 00000050 [3200000000000000] 
    35 00000058 B803000000              	mov rax, 3
    36 0000005D E8(00000000)            	call printf
    37                                  
    38                                  	;difference
    39 00000062 F20F101425-             	movsd xmm2, [number1]
    39 00000067 [00000000]         
    40 0000006B F20F5C1425-             	subsd xmm2, [number2]
    40 00000070 [08000000]         
    41                                  
    42 00000074 F20F100425-             	movsd xmm0, [number1]
    42 00000079 [00000000]         
    43 0000007D F20F100C25-             	movsd xmm1, [number2]
    43 00000082 [08000000]         
    44 00000086 48BF-                   	mov rdi, f_dif
    44 00000088 [5400000000000000] 
    45 00000090 B803000000              	mov rax, 3
    46 00000095 E8(00000000)            	call printf
    47                                  
    48                                  	;multiplications
    49 0000009A F20F101425-             	movsd xmm2, [number1]
    49 0000009F [00000000]         
    50 000000A3 F20F591425-             	mulsd xmm2, [number2]
    50 000000A8 [08000000]         
    51                                  
    52 000000AC 48BF-                   	mov rdi, f_mul
    52 000000AE [7D00000000000000] 
    53 000000B6 F20F100425-             	movsd xmm0, [number1]
    53 000000BB [00000000]         
    54 000000BF F20F100C25-             	movsd xmm1, [number2]
    54 000000C4 [08000000]         
    55 000000C8 B803000000              	mov rax, 3
    56 000000CD E8(00000000)            	call printf
    57                                  
    58                                  	;divison
    59 000000D2 F20F101425-             	movsd xmm2, [number1]
    59 000000D7 [00000000]         
    60 000000DB F20F5E1425-             	divsd xmm2, [number2]
    60 000000E0 [08000000]         
    61                                  	
    62 000000E4 48BF-                   	mov rdi, f_div
    62 000000E6 [AA00000000000000] 
    63 000000EE F20F100425-             	movsd xmm0, [number1]
    63 000000F3 [00000000]         
    64 000000F7 F20F100C25-             	movsd xmm1, [number2]
    64 000000FC [08000000]         
    65 00000100 B801000000              	mov rax, 1
    66 00000105 E8(00000000)            	call printf
    67                                  
    68                                  	;square root
    69 0000010A F20F510C25-             	sqrtsd xmm1, [number1]
    69 0000010F [00000000]         
    70 00000113 48BF-                   	mov rdi, f_sqrt
    70 00000115 [D000000000000000] 
    71 0000011D F20F100425-             	movsd xmm0, [number1]
    71 00000122 [00000000]         
    72 00000126 B802000000              	mov rax, 2
    73 0000012B E8(00000000)            	call printf
    74                                  
    75 00000130 4889EC                  	mov rsp, rbp
    76 00000133 5D                      	pop rbp
    77 00000134 C3                      	ret
