     1                                  ; stack.asm
     2                                  
     3                                  extern printf
     4                                  
     5                                  section .data
     6 00000000 414243444500            	strng	db	"ABCDE", 0
     7                                  	strngLen	equ	$ - strng - 1
     8 00000006 546865206F72696769-     	fmt1	db	"The original  string: %s", 10, 0
     8 0000000F 6E616C202073747269-
     8 00000018 6E673A2025730A00   
     9 00000020 546865207265766572-     	fmt2	db	"The reversed string: %s", 10, 0
     9 00000029 73656420737472696E-
     9 00000032 673A2025730A00     
    10                                  section .bss
    11                                  section .text
    12                                  	global main
    13                                  
    14                                  main:
    15 00000000 55                      	push rbp
    16 00000001 4889E5                  	mov rbp, rsp
    17                                  
    18                                  	;print the original string.
    19 00000004 4831C0                  	xor rax, rax
    20 00000007 48BF-                   	mov rdi, fmt1
    20 00000009 [0600000000000000] 
    21 00000011 48BE-                   	mov rsi, strng
    21 00000013 [0000000000000000] 
    22 0000001B E8(00000000)            	call printf
    23                                  
    24                                  	;push character one by one
    25 00000020 4831C0                  	xor rax, rax
    26 00000023 48BB-                   	mov rbx, strng
    26 00000025 [0000000000000000] 
    27 0000002D B905000000              	mov rcx, strngLen
    28 00000032 41BC00000000            	mov r12, 0
    29                                  	pushLoop:
    30 00000038 428A0423                		mov al, byte [rbx + r12]
    31 0000003C 50                      		push rax
    32 0000003D 49FFC4                  		inc r12
    33 00000040 E2F6                    		loop pushLoop
    34                                  
    35                                  	;poping character by character.
    36 00000042 48BB-                   	mov rbx, strng
    36 00000044 [0000000000000000] 
    37 0000004C B905000000              	mov rcx, strngLen
    38 00000051 41BC00000000            	mov r12, 0
    39                                  	popLoop:
    40 00000057 58                      		pop rax
    41 00000058 42880423                		mov byte [rbx + r12], al
    42 0000005C 49FFC4                  		inc r12
    43 0000005F E2F6                    		loop popLoop
    44 00000061 42C6042300              	mov byte [rbx + r12], 0
    45                                  
    46                                  	;printing the reversed string
    47 00000066 B800000000              	mov rax, 0
    48 0000006B 48BF-                   	mov rdi, fmt2
    48 0000006D [2000000000000000] 
    49 00000075 48BE-                   	mov rsi, strng
    49 00000077 [0000000000000000] 
    50 0000007F E8(00000000)            	call printf
    51                                  
    52 00000084 4889EC                  	mov rsp, rbp
    53 00000087 5D                      	pop rbp
    54 00000088 C3                      	ret
