     1                                  ;ascii to integer conversion.
     2                                  ;value = value * 10 + (char - '0')
     3                                  
     4                                  extern printf
     5                                  
     6                                  section .data
     7 00000000 456E74657220746865-     	prompt		db		"Enter the value: ", 0
     7 00000009 2076616C75653A2000 
     8                                  	length		equ		$ - prompt
     9 00000012 256C64207820256C64-     	fmt		db		"%ld x %ld = %ld", 10, 0
     9 0000001B 203D20256C640A00   
    10                                  section .bss
    11 00000000 <res 14h>               	buffer 		resb		20
    12                                  section .text
    13                                  	global main
    14                                  
    15                                  main:
    16                                  	;print the statement
    17 00000000 B801000000              	mov rax, 1
    18 00000005 BF01000000              	mov rdi, 1
    19 0000000A 48BE-                   	mov rsi, prompt
    19 0000000C [0000000000000000] 
    20 00000014 BA12000000              	mov rdx, length
    21 00000019 0F05                    	syscall
    22                                  
    23                                  	;read input from the user.
    24 0000001B B800000000              	mov rax, 0
    25 00000020 BF00000000              	mov rdi, 0
    26 00000025 48BE-                   	mov rsi, buffer
    26 00000027 [0000000000000000] 
    27 0000002F BA14000000              	mov rdx, 20
    28 00000034 0F05                    	syscall
    29                                  
    30                                  	;converting ascii to value
    31 00000036 4831DB                  	xor rbx, rbx	;result = 0
    32 00000039 4831C9                  	xor rcx, rcx	;index = 0
    33                                  
    34                                  	convert:
    35 0000003C 8A81[00000000]          		mov al, [buffer + rcx]
    36 00000042 3C0A                    		cmp al, 10
    37 00000044 740E                    		je done
    38                                  
    39 00000046 2C30                    		sub al, '0'
    40 00000048 486BDB0A                		imul rbx, rbx, 10
    41 0000004C 4801C3                  		add rbx, rax
    42                                  		
    43 0000004F 48FFC1                  		inc rcx
    44 00000052 EBE8                    		jmp convert
    45                                  	done:
    46 00000054 B901000000              		mov rcx, 1 ;i = 1
    47                                  		mulLoop:
    48 00000059 4889D8                  			mov rax, rbx
    49 0000005C 480FAFC1                			imul rax, rcx
    50 00000060 51                      			push rcx
    51                                  			
    52 00000061 48BF-                   			mov rdi, fmt
    52 00000063 [1200000000000000] 
    53 0000006B 4889DE                  			mov rsi, rbx
    54 0000006E 4889CA                  			mov rdx, rcx
    55 00000071 4889C1                  			mov rcx, rax
    56 00000074 E8(00000000)            			call printf
    57                                  		
    58 00000079 59                      			pop rcx
    59                                  
    60 0000007A 48FFC1                  			inc rcx
    61 0000007D 4883F90B                			cmp rcx, 11
    62 00000081 75D6                    			jne mulLoop
    63                                  		
    64 00000083 B83C000000              	mov rax, 60
    65 00000088 BF00000000              	mov rdi, 0
    66 0000008D 0F05                    	syscall
    67                                  	
